exports[`test notify({ message: "hello, world!", defer: true }) 1`] = `
"

   ╭───────────────────╮
   │                   │
   │   hello, world!   │
   │                   │
   ╰───────────────────╯
"
`;
