// Jest Snapshot v1, https://goo.gl/fbAQLP

exports[`notify({ message: "hello, world!" }) 1`] = `
"

   ╭───────────────────╮
   │                   │
   │   hello, world!   │
   │                   │
   ╰───────────────────╯
"
`;
